app/lesson/[id].tsx(283,9): error TS2322: Type '{ children: Element | null; style: { flex: number; }; contentContainerStyle: { padding: number; }; opacity: Value; }' is not assignable to type 'IntrinsicAttributes & AnimatedProps<ScrollViewProps & RefAttributes<ScrollView>>'.
  Property 'opacity' does not exist on type 'IntrinsicAttributes & AnimatedProps<ScrollViewProps & RefAttributes<ScrollView>>'.
utils/api.ts(17,5): error TS18048: 'config.headers' is possibly 'undefined'.
